Loaded .env.local
Attempting login as dealer...
Login test failed: Cannot read properties of undefined (reading 'VITE_SUPABASE_URL')
